[2026-05-25T07:28:41.954Z] WARN: Server started
[2026-05-25T07:28:41.954Z] INFO: User logged in
[2026-05-25T07:28:41.954Z] INFO: Server started
[2026-05-25T07:28:41.954Z] INFO: Cache miss
[2026-05-25T07:28:41.954Z] ERROR: Connection timeout
[2026-05-25T07:28:41.954Z] WARN: Connection timeout
[2026-05-25T07:28:41.954Z] INFO: Request received
[2026-05-25T07:28:41.954Z] INFO: Rate limit exceeded
[2026-05-25T07:28:41.954Z] ERROR: Invalid token
[2026-05-25T07:28:41.954Z] ERROR: Cache miss
[2026-05-25T07:28:41.954Z] ERROR: Payment processed
[2026-05-25T07:28:41.954Z] ERROR: User logged in
[2026-05-25T07:28:41.954Z] WARN: Cache miss
[2026-05-25T07:28:41.954Z] ERROR: User logged in
[2026-05-25T07:28:41.954Z] WARN: Invalid token
[2026-05-25T07:28:41.954Z] INFO: Invalid token
[2026-05-25T07:28:41.954Z] INFO: Payment processed
[2026-05-25T07:28:41.954Z] WARN: User logged in
[2026-05-25T07:28:41.954Z] ERROR: Payment processed
[2026-05-25T07:28:41.954Z] ERROR: User logged in
[2026-05-25T07:28:41.954Z] INFO: Cache miss
[2026-05-25T07:28:41.954Z] INFO: Cache miss
[2026-05-25T07:28:41.954Z] WARN: Connection timeout
[2026-05-25T07:28:41.954Z] INFO: Payment processed
[2026-05-25T07:28:41.954Z] WARN: Invalid token
[2026-05-25T07:28:41.954Z] INFO: Server started
[2026-05-25T07:28:41.954Z] ERROR: Payment processed
[2026-05-25T07:28:41.954Z] INFO: Payment processed
[2026-05-25T07:28:41.954Z] WARN: Cache miss
[2026-05-25T07:28:41.954Z] INFO: Request received
[2026-05-25T07:28:41.954Z] WARN: Database connected
[2026-05-25T07:28:41.954Z] WARN: Invalid token
[2026-05-25T07:28:41.954Z] WARN: Invalid token
[2026-05-25T07:28:41.954Z] WARN: Connection timeout
[2026-05-25T07:28:41.954Z] ERROR: Server started
[2026-05-25T07:28:41.954Z] WARN: Server started
[2026-05-25T07:28:41.954Z] WARN: Database connected
[2026-05-25T07:28:41.954Z] ERROR: Connection timeout
[2026-05-25T07:28:41.954Z] ERROR: Invalid token
[2026-05-25T07:28:41.954Z] INFO: User logged in
[2026-05-25T07:28:41.954Z] ERROR: Payment processed
[2026-05-25T07:28:41.954Z] ERROR: Payment processed
[2026-05-25T07:28:41.954Z] INFO: Server started
[2026-05-25T07:28:41.954Z] WARN: Database connected
[2026-05-25T07:28:41.954Z] ERROR: Payment processed
[2026-05-25T07:28:41.954Z] WARN: Invalid token
[2026-05-25T07:28:41.954Z] WARN: Server started
[2026-05-25T07:28:41.954Z] ERROR: Server started
[2026-05-25T07:28:41.954Z] ERROR: Payment processed
[2026-05-25T07:28:41.954Z] WARN: Database connected
[2026-05-25T07:28:41.954Z] ERROR: Connection timeout
[2026-05-25T07:28:41.954Z] INFO: User logged in
[2026-05-25T07:28:41.954Z] ERROR: Invalid token
[2026-05-25T07:28:41.954Z] INFO: Payment processed
[2026-05-25T07:28:41.954Z] INFO: Database connected
[2026-05-25T07:28:41.954Z] WARN: Connection timeout
[2026-05-25T07:28:41.954Z] ERROR: Cache miss
[2026-05-25T07:28:41.954Z] WARN: Server started
[2026-05-25T07:28:41.954Z] INFO: Cache miss
[2026-05-25T07:28:41.954Z] ERROR: Invalid token
[2026-05-25T07:28:41.954Z] WARN: Cache miss
[2026-05-25T07:28:41.954Z] INFO: Cache miss
[2026-05-25T07:28:41.954Z] WARN: Request received
[2026-05-25T07:28:41.954Z] WARN: Cache miss
[2026-05-25T07:28:41.954Z] ERROR: Cache miss
[2026-05-25T07:28:41.954Z] WARN: Connection timeout
[2026-05-25T07:28:41.954Z] INFO: Connection timeout
[2026-05-25T07:28:41.954Z] WARN: Payment processed
[2026-05-25T07:28:41.954Z] ERROR: Database connected
[2026-05-25T07:28:41.954Z] ERROR: Request received
[2026-05-25T07:28:41.954Z] ERROR: Payment processed
[2026-05-25T07:28:41.954Z] WARN: Invalid token
[2026-05-25T07:28:41.954Z] ERROR: User logged in
[2026-05-25T07:28:41.954Z] WARN: User logged in
[2026-05-25T07:28:41.954Z] ERROR: Rate limit exceeded
[2026-05-25T07:28:41.954Z] WARN: Cache miss
[2026-05-25T07:28:41.954Z] ERROR: Database connected
[2026-05-25T07:28:41.954Z] WARN: Payment processed
[2026-05-25T07:28:41.954Z] WARN: User logged in
[2026-05-25T07:28:41.954Z] INFO: Database connected
[2026-05-25T07:28:41.954Z] INFO: Database connected
[2026-05-25T07:28:41.954Z] WARN: Payment processed
[2026-05-25T07:28:41.954Z] ERROR: Cache miss
[2026-05-25T07:28:41.954Z] WARN: Invalid token
[2026-05-25T07:28:41.954Z] WARN: Server started
[2026-05-25T07:28:41.954Z] INFO: Request received
[2026-05-25T07:28:41.954Z] INFO: Request received
[2026-05-25T07:28:41.954Z] ERROR: Cache miss
[2026-05-25T07:28:41.954Z] WARN: Connection timeout
[2026-05-25T07:28:41.954Z] WARN: Payment processed
[2026-05-25T07:28:41.954Z] WARN: Rate limit exceeded
[2026-05-25T07:28:41.954Z] INFO: Rate limit exceeded
[2026-05-25T07:28:41.954Z] ERROR: User logged in
[2026-05-25T07:28:41.954Z] ERROR: Connection timeout
[2026-05-25T07:28:41.954Z] INFO: Request received
[2026-05-25T07:28:41.954Z] ERROR: User logged in
[2026-05-25T07:28:41.954Z] ERROR: Database connected
[2026-05-25T07:28:41.954Z] ERROR: Server started
[2026-05-25T07:28:41.954Z] WARN: Rate limit exceeded
[2026-05-25T07:28:41.954Z] INFO: Request received
[2026-05-25T07:28:41.954Z] WARN: Connection timeout
[2026-05-25T07:28:41.954Z] INFO: Server started
[2026-05-25T07:28:41.954Z] ERROR: Request received
[2026-05-25T07:28:41.954Z] ERROR: Invalid token
[2026-05-25T07:28:41.954Z] INFO: Server started
[2026-05-25T07:28:41.954Z] ERROR: Invalid token
[2026-05-25T07:28:41.954Z] WARN: Request received
[2026-05-25T07:28:41.954Z] ERROR: Cache miss
[2026-05-25T07:28:41.954Z] ERROR: Cache miss
[2026-05-25T07:28:41.954Z] INFO: Cache miss
[2026-05-25T07:28:41.954Z] WARN: Request received
[2026-05-25T07:28:41.954Z] INFO: Connection timeout
[2026-05-25T07:28:41.954Z] INFO: Payment processed
[2026-05-25T07:28:41.954Z] ERROR: Payment processed
[2026-05-25T07:28:41.954Z] WARN: Connection timeout
[2026-05-25T07:28:41.954Z] WARN: Connection timeout
[2026-05-25T07:28:41.954Z] INFO: Invalid token
[2026-05-25T07:28:41.954Z] WARN: Invalid token
[2026-05-25T07:28:41.954Z] WARN: Database connected
[2026-05-25T07:28:41.954Z] ERROR: Request received
[2026-05-25T07:28:41.954Z] INFO: Rate limit exceeded
[2026-05-25T07:28:41.954Z] INFO: Request received
[2026-05-25T07:28:41.954Z] WARN: Server started
[2026-05-25T07:28:41.954Z] WARN: Payment processed
[2026-05-25T07:28:41.954Z] ERROR: Payment processed
[2026-05-25T07:28:41.954Z] INFO: Payment processed
[2026-05-25T07:28:41.954Z] INFO: Invalid token
[2026-05-25T07:28:41.954Z] ERROR: Invalid token
[2026-05-25T07:28:41.954Z] ERROR: Payment processed
[2026-05-25T07:28:41.954Z] WARN: Database connected
[2026-05-25T07:28:41.954Z] WARN: Database connected